Hello from Flowa FS module!